2025-03-17 21:47:43,355 : INFO : Start of Prediction
2025-03-17 21:47:43,355 : INFO : run_id:2025-03-17_214743_270739082
2025-03-17 21:47:43,356 : INFO : Start of Data Load, validation and transformation
2025-03-17 21:47:43,356 : INFO : Start of Archiving Old Rejected Files...
2025-03-17 21:47:43,356 : INFO : End of Archiving Old Rejected Files...
2025-03-17 21:47:43,356 : INFO : Start of Archiving Old Validated Files...
2025-03-17 21:47:43,360 : INFO : End of Archiving Old Validated Files...
2025-03-17 21:47:43,360 : INFO : Start of Archiving Old Processed Files...
2025-03-17 21:47:43,361 : INFO : End of Archiving Old Processed Files...
2025-03-17 21:47:43,361 : INFO : Start of Archiving Old Result Files...
2025-03-17 21:47:43,362 : INFO : End of Archiving Old Result Files...
2025-03-17 21:47:43,362 : INFO : Start of Reading values From Schema...
2025-03-17 21:47:43,362 : INFO : End of Reading values From Schema...
2025-03-17 21:47:43,363 : INFO : Start of Validating Column Length...
2025-03-17 21:47:43,366 : INFO : End of Validating Column Length...
2025-03-17 21:47:43,366 : INFO : Start of Validating Missing Values...
2025-03-17 21:47:43,369 : INFO : End of Validating Missing Values...
2025-03-17 21:47:43,369 : INFO : Start of Replacing Missing Values with NULL...
2025-03-17 21:47:43,373 : INFO : hr_employee_churn_data_predict3.csv: File Transformed successfully!!
2025-03-17 21:47:43,374 : INFO : End of Replacing Missing Values with NULL...
2025-03-17 21:47:43,374 : INFO : Start of Creating Table...
2025-03-17 21:47:43,375 : INFO : Opened prediction database successfully
2025-03-17 21:47:43,399 : INFO : CREATE TABLE prediction_raw_data_t column_name
2025-03-17 21:47:43,406 : INFO : ALTER TABLE prediction_raw_data_t ADD COLUMN
2025-03-17 21:47:43,411 : INFO : ALTER TABLE prediction_raw_data_t ADD COLUMN
2025-03-17 21:47:43,419 : INFO : ALTER TABLE prediction_raw_data_t ADD COLUMN
2025-03-17 21:47:43,426 : INFO : ALTER TABLE prediction_raw_data_t ADD COLUMN
2025-03-17 21:47:43,439 : INFO : ALTER TABLE prediction_raw_data_t ADD COLUMN
2025-03-17 21:47:43,446 : INFO : ALTER TABLE prediction_raw_data_t ADD COLUMN
2025-03-17 21:47:43,453 : INFO : ALTER TABLE prediction_raw_data_t ADD COLUMN
2025-03-17 21:47:43,460 : INFO : ALTER TABLE prediction_raw_data_t ADD COLUMN
2025-03-17 21:47:43,467 : INFO : End of Creating Table...
2025-03-17 21:47:43,468 : INFO : Opened prediction database successfully
2025-03-17 21:47:43,468 : INFO : Start of Inserting Data into Table...
2025-03-17 21:47:43,507 : INFO : End of Inserting Data into Table...
2025-03-17 21:47:43,507 : INFO : Start of Exporting Data into CSV...
2025-03-17 21:47:43,508 : INFO : Opened prediction database successfully
2025-03-17 21:47:43,510 : INFO : End of Exporting Data into CSV...
2025-03-17 21:47:43,511 : INFO : Start of Moving Processed Files...
2025-03-17 21:47:43,513 : INFO : Moved the already processed file hr_employee_churn_data_predict3.csv
2025-03-17 21:47:43,514 : INFO : End of Moving Processed Files...
2025-03-17 21:47:43,514 : INFO : End of Data Load, validation and transformation
2025-03-17 21:47:43,514 : INFO : Start of Preprocessing...
2025-03-17 21:47:43,514 : INFO : Start of reading dataset...
2025-03-17 21:47:43,517 : INFO : End of reading dataset...
2025-03-17 21:47:43,517 : INFO : Start of feature encoding...
2025-03-17 21:47:43,520 : INFO : End of feature encoding...
2025-03-17 21:47:43,521 : INFO : Start of Droping Columns...
2025-03-17 21:47:43,523 : INFO : End of Droping Columns...
2025-03-17 21:47:43,523 : INFO : Start of finding missing values...
2025-03-17 21:47:43,524 : INFO : End of finding missing values...
2025-03-17 21:47:43,524 : INFO : Start of building final predictset...
2025-03-17 21:47:43,530 : INFO : End of building final predictset...
2025-03-17 21:47:43,531 : INFO : End of Preprocessing...
2025-03-17 21:47:43,531 : INFO : Start of Load Model
2025-03-17 21:47:43,531 : INFO : Model File KMeans loaded
2025-03-17 21:47:43,531 : INFO : End of Load Model
2025-03-17 21:47:43,734 : INFO : clusters loop started
2025-03-17 21:47:43,737 : INFO : Start of finding correct model
2025-03-17 21:47:43,737 : INFO : Exception raised while finding correct model'FileOperation' object has no attribute 'model_name'
2025-03-17 21:47:43,737 : ERROR : Unsuccessful End of Prediction
Traceback (most recent call last):
  File "C:\Users\KIIT\PycharmProjects\PythonProject\apps\core\file_operation.py", line 80, in correct_model
    self.model_name=self.model_name.split('.')[0]
                    ^^^^^^^^^^^^^^^
AttributeError: 'FileOperation' object has no attribute 'model_name'

During handling of the above exception, another exception occurred:

Traceback (most recent call last):
  File "C:\Users\KIIT\PycharmProjects\PythonProject\apps\prediction\predict_model.py", line 68, in batch_predict_from_model
    model_name = self.fileOperation.correct_model(i)
                 ^^^^^^^^^^^^^^^^^^^^^^^^^^^^^^^^^^^
  File "C:\Users\KIIT\PycharmProjects\PythonProject\apps\core\file_operation.py", line 85, in correct_model
    raise Exception()
Exception
